.next/types/validator.ts(42,39): error TS2307: Cannot find module '../../src/app/dashboard/page.js' or its corresponding type declarations.
src/app/tienda/inventario/page.tsx(232,35): error TS2322: Type '{ hidden: { opacity: number; y: number; }; visible: { opacity: number; y: number; transition: { type: string; stiffness: number; damping: number; }; }; }' is not assignable to type 'Variants'.
  Property 'visible' is incompatible with index signature.
    Type '{ opacity: number; y: number; transition: { type: string; stiffness: number; damping: number; }; }' is not assignable to type 'Variant'.
      Type '{ opacity: number; y: number; transition: { type: string; stiffness: number; damping: number; }; }' is not assignable to type 'TargetAndTransition'.
        Type '{ opacity: number; y: number; transition: { type: string; stiffness: number; damping: number; }; }' is not assignable to type '{ transition?: Transition<any> | undefined; transitionEnd?: ResolvedValues$1 | undefined; }'.
          Types of property 'transition' are incompatible.
            Type '{ type: string; stiffness: number; damping: number; }' is not assignable to type 'Transition<any> | undefined'.
              Type '{ type: string; stiffness: number; damping: number; }' is not assignable to type 'TransitionWithValueOverrides<any>'.
                Type '{ type: string; stiffness: number; damping: number; }' is not assignable to type 'ValueAnimationTransition<any>'.
                  Types of property 'type' are incompatible.
                    Type 'string' is not assignable to type 'AnimationGeneratorType | undefined'.
src/components/inventario/create-item-form.tsx(74,5): error TS2322: Type 'Resolver<{ title: string; description: string; itemType: ItemType; price?: number | undefined; categoryId?: string | undefined; trackInventory?: boolean | undefined; stockQuantity?: number | undefined; requiresBooking?: boolean | undefined; isFeatured?: boolean | undefined; discountPrice?: number | undefined; }, any...' is not assignable to type 'Resolver<{ title: string; description: string; itemType: ItemType; trackInventory: boolean; requiresBooking: boolean; isFeatured: boolean; price?: number | undefined; categoryId?: string | undefined; stockQuantity?: number | undefined; discountPrice?: number | undefined; }, any, { ...; }>'.
  Types of parameters 'options' and 'options' are incompatible.
    Type 'ResolverOptions<{ title: string; description: string; itemType: ItemType; trackInventory: boolean; requiresBooking: boolean; isFeatured: boolean; price?: number | undefined; categoryId?: string | undefined; stockQuantity?: number | undefined; discountPrice?: number | undefined; }>' is not assignable to type 'ResolverOptions<{ title: string; description: string; itemType: ItemType; price?: number | undefined; categoryId?: string | undefined; trackInventory?: boolean | undefined; stockQuantity?: number | undefined; requiresBooking?: boolean | undefined; isFeatured?: boolean | undefined; discountPrice?: number | undefined;...'.
      Type 'boolean | undefined' is not assignable to type 'boolean'.
        Type 'undefined' is not assignable to type 'boolean'.
src/components/inventario/create-item-form.tsx(123,34): error TS2345: Argument of type '(values: ItemFormValues) => void' is not assignable to parameter of type 'SubmitHandler<TFieldValues>'.
  Types of parameters 'values' and 'data' are incompatible.
    Type 'TFieldValues' is not assignable to type '{ title: string; description: string; itemType: ItemType; trackInventory: boolean; requiresBooking: boolean; isFeatured: boolean; price?: number | undefined; categoryId?: string | undefined; stockQuantity?: number | undefined; discountPrice?: number | undefined; }'.
      Type 'FieldValues' is missing the following properties from type '{ title: string; description: string; itemType: ItemType; trackInventory: boolean; requiresBooking: boolean; isFeatured: boolean; price?: number | undefined; categoryId?: string | undefined; stockQuantity?: number | undefined; discountPrice?: number | undefined; }': title, description, itemType, trackInventory, and 2 more.
src/components/inventario/create-item-form.tsx(234,16): error TS2304: Cannot find name 'Ticket01Icon'.
src/components/inventario/create-item-form.tsx(264,18): error TS2552: Cannot find name 'motion'. Did you mean 'Option'?
src/components/inventario/create-item-form.tsx(274,19): error TS2552: Cannot find name 'motion'. Did you mean 'Option'?
src/components/inventario/create-item-form.tsx(314,15): error TS2322: Type '{ aspect: number; onImageCropped: (url: any) => void; buttonLabel: string; }' is not assignable to type 'IntrinsicAttributes & ImageCropperProps'.
  Property 'onImageCropped' does not exist on type 'IntrinsicAttributes & ImageCropperProps'.
src/components/inventario/create-item-form.tsx(314,32): error TS7006: Parameter 'url' implicitly has an 'any' type.
