node_modules/@tanstack/query-core/build/legacy/_tsup-dts-rollup.d.ts(338,5): error TS18028: Private identifiers are only available when targeting ECMAScript 2015 and higher.
node_modules/@tanstack/query-core/build/legacy/_tsup-dts-rollup.d.ts(695,5): error TS18028: Private identifiers are only available when targeting ECMAScript 2015 and higher.
node_modules/@tanstack/query-core/build/legacy/_tsup-dts-rollup.d.ts(712,5): error TS18028: Private identifiers are only available when targeting ECMAScript 2015 and higher.
node_modules/@tanstack/query-core/build/legacy/_tsup-dts-rollup.d.ts(797,5): error TS18028: Private identifiers are only available when targeting ECMAScript 2015 and higher.
node_modules/@tanstack/query-core/build/legacy/_tsup-dts-rollup.d.ts(1121,5): error TS18028: Private identifiers are only available when targeting ECMAScript 2015 and higher.
node_modules/@tanstack/query-core/build/legacy/_tsup-dts-rollup.d.ts(1185,5): error TS18028: Private identifiers are only available when targeting ECMAScript 2015 and higher.
node_modules/@tanstack/query-core/build/legacy/_tsup-dts-rollup.d.ts(1216,5): error TS18028: Private identifiers are only available when targeting ECMAScript 2015 and higher.
node_modules/@tanstack/query-core/build/legacy/_tsup-dts-rollup.d.ts(1257,5): error TS18028: Private identifiers are only available when targeting ECMAScript 2015 and higher.
node_modules/@tanstack/query-core/build/legacy/_tsup-dts-rollup.d.ts(1288,5): error TS18028: Private identifiers are only available when targeting ECMAScript 2015 and higher.
node_modules/@tanstack/query-core/build/legacy/_tsup-dts-rollup.d.ts(1426,5): error TS18028: Private identifiers are only available when targeting ECMAScript 2015 and higher.
node_modules/@tanstack/query-core/build/legacy/_tsup-dts-rollup.d.ts(1930,5): error TS18028: Private identifiers are only available when targeting ECMAScript 2015 and higher.
node_modules/@tanstack/query-core/build/legacy/_tsup-dts-rollup.d.ts(2133,5): error TS18028: Private identifiers are only available when targeting ECMAScript 2015 and higher.
node_modules/react-hook-form/dist/form.d.ts(1,8): error TS1259: Module '"C:/Develop/tu-lojita/tu_lojita_sellers/node_modules/@types/react/index"' can only be default-imported using the 'esModuleInterop' flag
node_modules/react-hook-form/dist/types/controller.d.ts(1,13): error TS1259: Module '"C:/Develop/tu-lojita/tu_lojita_sellers/node_modules/@types/react/index"' can only be default-imported using the 'esModuleInterop' flag
node_modules/react-hook-form/dist/types/form.d.ts(1,13): error TS1259: Module '"C:/Develop/tu-lojita/tu_lojita_sellers/node_modules/@types/react/index"' can only be default-imported using the 'esModuleInterop' flag
node_modules/react-hook-form/dist/useFormContext.d.ts(1,8): error TS1259: Module '"C:/Develop/tu-lojita/tu_lojita_sellers/node_modules/@types/react/index"' can only be default-imported using the 'esModuleInterop' flag
node_modules/zod/v3/errors.d.cts(2,8): error TS1259: Module '"C:/Develop/tu-lojita/tu_lojita_sellers/node_modules/zod/v3/locales/en"' can only be default-imported using the 'esModuleInterop' flag
node_modules/zod/v4/locales/index.d.cts(1,21): error TS1259: Module '"C:/Develop/tu-lojita/tu_lojita_sellers/node_modules/zod/v4/locales/ar"' can only be default-imported using the 'esModuleInterop' flag
node_modules/zod/v4/locales/index.d.cts(2,21): error TS1259: Module '"C:/Develop/tu-lojita/tu_lojita_sellers/node_modules/zod/v4/locales/az"' can only be default-imported using the 'esModuleInterop' flag
node_modules/zod/v4/locales/index.d.cts(3,21): error TS1259: Module '"C:/Develop/tu-lojita/tu_lojita_sellers/node_modules/zod/v4/locales/be"' can only be default-imported using the 'esModuleInterop' flag
node_modules/zod/v4/locales/index.d.cts(4,21): error TS1259: Module '"C:/Develop/tu-lojita/tu_lojita_sellers/node_modules/zod/v4/locales/bg"' can only be default-imported using the 'esModuleInterop' flag
node_modules/zod/v4/locales/index.d.cts(5,21): error TS1259: Module '"C:/Develop/tu-lojita/tu_lojita_sellers/node_modules/zod/v4/locales/ca"' can only be default-imported using the 'esModuleInterop' flag
node_modules/zod/v4/locales/index.d.cts(6,21): error TS1259: Module '"C:/Develop/tu-lojita/tu_lojita_sellers/node_modules/zod/v4/locales/cs"' can only be default-imported using the 'esModuleInterop' flag
node_modules/zod/v4/locales/index.d.cts(7,21): error TS1259: Module '"C:/Develop/tu-lojita/tu_lojita_sellers/node_modules/zod/v4/locales/da"' can only be default-imported using the 'esModuleInterop' flag
node_modules/zod/v4/locales/index.d.cts(8,21): error TS1259: Module '"C:/Develop/tu-lojita/tu_lojita_sellers/node_modules/zod/v4/locales/de"' can only be default-imported using the 'esModuleInterop' flag
node_modules/zod/v4/locales/index.d.cts(9,21): error TS1259: Module '"C:/Develop/tu-lojita/tu_lojita_sellers/node_modules/zod/v4/locales/en"' can only be default-imported using the 'esModuleInterop' flag
node_modules/zod/v4/locales/index.d.cts(10,21): error TS1259: Module '"C:/Develop/tu-lojita/tu_lojita_sellers/node_modules/zod/v4/locales/eo"' can only be default-imported using the 'esModuleInterop' flag
node_modules/zod/v4/locales/index.d.cts(11,21): error TS1259: Module '"C:/Develop/tu-lojita/tu_lojita_sellers/node_modules/zod/v4/locales/es"' can only be default-imported using the 'esModuleInterop' flag
node_modules/zod/v4/locales/index.d.cts(12,21): error TS1259: Module '"C:/Develop/tu-lojita/tu_lojita_sellers/node_modules/zod/v4/locales/fa"' can only be default-imported using the 'esModuleInterop' flag
node_modules/zod/v4/locales/index.d.cts(13,21): error TS1259: Module '"C:/Develop/tu-lojita/tu_lojita_sellers/node_modules/zod/v4/locales/fi"' can only be default-imported using the 'esModuleInterop' flag
node_modules/zod/v4/locales/index.d.cts(14,21): error TS1259: Module '"C:/Develop/tu-lojita/tu_lojita_sellers/node_modules/zod/v4/locales/fr"' can only be default-imported using the 'esModuleInterop' flag
node_modules/zod/v4/locales/index.d.cts(15,21): error TS1259: Module '"C:/Develop/tu-lojita/tu_lojita_sellers/node_modules/zod/v4/locales/fr-CA"' can only be default-imported using the 'esModuleInterop' flag
node_modules/zod/v4/locales/index.d.cts(16,21): error TS1259: Module '"C:/Develop/tu-lojita/tu_lojita_sellers/node_modules/zod/v4/locales/he"' can only be default-imported using the 'esModuleInterop' flag
node_modules/zod/v4/locales/index.d.cts(17,21): error TS1259: Module '"C:/Develop/tu-lojita/tu_lojita_sellers/node_modules/zod/v4/locales/hu"' can only be default-imported using the 'esModuleInterop' flag
node_modules/zod/v4/locales/index.d.cts(18,21): error TS1259: Module '"C:/Develop/tu-lojita/tu_lojita_sellers/node_modules/zod/v4/locales/hy"' can only be default-imported using the 'esModuleInterop' flag
node_modules/zod/v4/locales/index.d.cts(19,21): error TS1259: Module '"C:/Develop/tu-lojita/tu_lojita_sellers/node_modules/zod/v4/locales/id"' can only be default-imported using the 'esModuleInterop' flag
node_modules/zod/v4/locales/index.d.cts(20,21): error TS1259: Module '"C:/Develop/tu-lojita/tu_lojita_sellers/node_modules/zod/v4/locales/is"' can only be default-imported using the 'esModuleInterop' flag
node_modules/zod/v4/locales/index.d.cts(21,21): error TS1259: Module '"C:/Develop/tu-lojita/tu_lojita_sellers/node_modules/zod/v4/locales/it"' can only be default-imported using the 'esModuleInterop' flag
node_modules/zod/v4/locales/index.d.cts(22,21): error TS1259: Module '"C:/Develop/tu-lojita/tu_lojita_sellers/node_modules/zod/v4/locales/ja"' can only be default-imported using the 'esModuleInterop' flag
node_modules/zod/v4/locales/index.d.cts(23,21): error TS1259: Module '"C:/Develop/tu-lojita/tu_lojita_sellers/node_modules/zod/v4/locales/ka"' can only be default-imported using the 'esModuleInterop' flag
node_modules/zod/v4/locales/index.d.cts(24,21): error TS1259: Module '"C:/Develop/tu-lojita/tu_lojita_sellers/node_modules/zod/v4/locales/kh"' can only be default-imported using the 'esModuleInterop' flag
node_modules/zod/v4/locales/index.d.cts(25,21): error TS1259: Module '"C:/Develop/tu-lojita/tu_lojita_sellers/node_modules/zod/v4/locales/km"' can only be default-imported using the 'esModuleInterop' flag
node_modules/zod/v4/locales/index.d.cts(26,21): error TS1259: Module '"C:/Develop/tu-lojita/tu_lojita_sellers/node_modules/zod/v4/locales/ko"' can only be default-imported using the 'esModuleInterop' flag
node_modules/zod/v4/locales/index.d.cts(27,21): error TS1259: Module '"C:/Develop/tu-lojita/tu_lojita_sellers/node_modules/zod/v4/locales/lt"' can only be default-imported using the 'esModuleInterop' flag
node_modules/zod/v4/locales/index.d.cts(28,21): error TS1259: Module '"C:/Develop/tu-lojita/tu_lojita_sellers/node_modules/zod/v4/locales/mk"' can only be default-imported using the 'esModuleInterop' flag
node_modules/zod/v4/locales/index.d.cts(29,21): error TS1259: Module '"C:/Develop/tu-lojita/tu_lojita_sellers/node_modules/zod/v4/locales/ms"' can only be default-imported using the 'esModuleInterop' flag
node_modules/zod/v4/locales/index.d.cts(30,21): error TS1259: Module '"C:/Develop/tu-lojita/tu_lojita_sellers/node_modules/zod/v4/locales/nl"' can only be default-imported using the 'esModuleInterop' flag
node_modules/zod/v4/locales/index.d.cts(31,21): error TS1259: Module '"C:/Develop/tu-lojita/tu_lojita_sellers/node_modules/zod/v4/locales/no"' can only be default-imported using the 'esModuleInterop' flag
node_modules/zod/v4/locales/index.d.cts(32,21): error TS1259: Module '"C:/Develop/tu-lojita/tu_lojita_sellers/node_modules/zod/v4/locales/ota"' can only be default-imported using the 'esModuleInterop' flag
node_modules/zod/v4/locales/index.d.cts(33,21): error TS1259: Module '"C:/Develop/tu-lojita/tu_lojita_sellers/node_modules/zod/v4/locales/ps"' can only be default-imported using the 'esModuleInterop' flag
node_modules/zod/v4/locales/index.d.cts(34,21): error TS1259: Module '"C:/Develop/tu-lojita/tu_lojita_sellers/node_modules/zod/v4/locales/pl"' can only be default-imported using the 'esModuleInterop' flag
node_modules/zod/v4/locales/index.d.cts(35,21): error TS1259: Module '"C:/Develop/tu-lojita/tu_lojita_sellers/node_modules/zod/v4/locales/pt"' can only be default-imported using the 'esModuleInterop' flag
node_modules/zod/v4/locales/index.d.cts(36,21): error TS1259: Module '"C:/Develop/tu-lojita/tu_lojita_sellers/node_modules/zod/v4/locales/ru"' can only be default-imported using the 'esModuleInterop' flag
node_modules/zod/v4/locales/index.d.cts(37,21): error TS1259: Module '"C:/Develop/tu-lojita/tu_lojita_sellers/node_modules/zod/v4/locales/sl"' can only be default-imported using the 'esModuleInterop' flag
node_modules/zod/v4/locales/index.d.cts(38,21): error TS1259: Module '"C:/Develop/tu-lojita/tu_lojita_sellers/node_modules/zod/v4/locales/sv"' can only be default-imported using the 'esModuleInterop' flag
node_modules/zod/v4/locales/index.d.cts(39,21): error TS1259: Module '"C:/Develop/tu-lojita/tu_lojita_sellers/node_modules/zod/v4/locales/ta"' can only be default-imported using the 'esModuleInterop' flag
node_modules/zod/v4/locales/index.d.cts(40,21): error TS1259: Module '"C:/Develop/tu-lojita/tu_lojita_sellers/node_modules/zod/v4/locales/th"' can only be default-imported using the 'esModuleInterop' flag
node_modules/zod/v4/locales/index.d.cts(41,21): error TS1259: Module '"C:/Develop/tu-lojita/tu_lojita_sellers/node_modules/zod/v4/locales/tr"' can only be default-imported using the 'esModuleInterop' flag
node_modules/zod/v4/locales/index.d.cts(42,21): error TS1259: Module '"C:/Develop/tu-lojita/tu_lojita_sellers/node_modules/zod/v4/locales/ua"' can only be default-imported using the 'esModuleInterop' flag
node_modules/zod/v4/locales/index.d.cts(43,21): error TS1259: Module '"C:/Develop/tu-lojita/tu_lojita_sellers/node_modules/zod/v4/locales/uk"' can only be default-imported using the 'esModuleInterop' flag
node_modules/zod/v4/locales/index.d.cts(44,21): error TS1259: Module '"C:/Develop/tu-lojita/tu_lojita_sellers/node_modules/zod/v4/locales/ur"' can only be default-imported using the 'esModuleInterop' flag
node_modules/zod/v4/locales/index.d.cts(45,21): error TS1259: Module '"C:/Develop/tu-lojita/tu_lojita_sellers/node_modules/zod/v4/locales/uz"' can only be default-imported using the 'esModuleInterop' flag
node_modules/zod/v4/locales/index.d.cts(46,21): error TS1259: Module '"C:/Develop/tu-lojita/tu_lojita_sellers/node_modules/zod/v4/locales/vi"' can only be default-imported using the 'esModuleInterop' flag
node_modules/zod/v4/locales/index.d.cts(47,21): error TS1259: Module '"C:/Develop/tu-lojita/tu_lojita_sellers/node_modules/zod/v4/locales/zh-CN"' can only be default-imported using the 'esModuleInterop' flag
node_modules/zod/v4/locales/index.d.cts(48,21): error TS1259: Module '"C:/Develop/tu-lojita/tu_lojita_sellers/node_modules/zod/v4/locales/zh-TW"' can only be default-imported using the 'esModuleInterop' flag
node_modules/zod/v4/locales/index.d.cts(49,21): error TS1259: Module '"C:/Develop/tu-lojita/tu_lojita_sellers/node_modules/zod/v4/locales/yo"' can only be default-imported using the 'esModuleInterop' flag
src/components/inventario/create-item-form.tsx(24,24): error TS2307: Cannot find module '@/components/ui/button' or its corresponding type declarations.
src/components/inventario/create-item-form.tsx(25,23): error TS2307: Cannot find module '@/components/ui/input' or its corresponding type declarations.
src/components/inventario/create-item-form.tsx(26,92): error TS2307: Cannot find module '@/components/ui/select' or its corresponding type declarations.
src/components/inventario/create-item-form.tsx(27,26): error TS2307: Cannot find module '@/components/ui/checkbox' or its corresponding type declarations.
src/components/inventario/create-item-form.tsx(32,8): error TS2307: Cannot find module '@/components/ui/field' or its corresponding type declarations.
src/components/inventario/create-item-form.tsx(33,26): error TS2307: Cannot find module '@/domain/entities/item.entity' or its corresponding type declarations.
src/components/inventario/create-item-form.tsx(34,45): error TS2307: Cannot find module '@/infrastructure/repositories/store-category.repository.impl' or its corresponding type declarations.
src/components/inventario/create-item-form.tsx(35,36): error TS2307: Cannot find module '@/infrastructure/repositories/item.repository.impl' or its corresponding type declarations.
src/components/inventario/create-item-form.tsx(36,36): error TS2307: Cannot find module '@/components/ui/multi-image-selector' or its corresponding type declarations.
src/components/inventario/create-item-form.tsx(37,20): error TS2307: Cannot find module '@/lib/utils' or its corresponding type declarations.
src/components/inventario/create-item-form.tsx(38,36): error TS2307: Cannot find module '@/app/actions/media.actions' or its corresponding type declarations.
src/components/inventario/create-item-form.tsx(39,37): error TS2307: Cannot find module '@/components/inventario/create-category-sheet' or its corresponding type declarations.
src/components/inventario/create-item-form.tsx(40,31): error TS2307: Cannot find module '@/domain/entities/store-category.entity' or its corresponding type declarations.
src/components/inventario/create-item-form.tsx(107,28): error TS2345: Argument of type 'any' is not assignable to parameter of type 'never'.
src/components/inventario/create-item-form.tsx(164,5): error TS17004: Cannot use JSX unless the '--jsx' flag is provided.
src/components/inventario/create-item-form.tsx(166,7): error TS17004: Cannot use JSX unless the '--jsx' flag is provided.
src/components/inventario/create-item-form.tsx(167,9): error TS17004: Cannot use JSX unless the '--jsx' flag is provided.
src/components/inventario/create-item-form.tsx(168,11): error TS17004: Cannot use JSX unless the '--jsx' flag is provided.
src/components/inventario/create-item-form.tsx(169,13): error TS17004: Cannot use JSX unless the '--jsx' flag is provided.
src/components/inventario/create-item-form.tsx(171,11): error TS17004: Cannot use JSX unless the '--jsx' flag is provided.
src/components/inventario/create-item-form.tsx(172,13): error TS17004: Cannot use JSX unless the '--jsx' flag is provided.
src/components/inventario/create-item-form.tsx(173,13): error TS17004: Cannot use JSX unless the '--jsx' flag is provided.
src/components/inventario/create-item-form.tsx(176,9): error TS17004: Cannot use JSX unless the '--jsx' flag is provided.
src/components/inventario/create-item-form.tsx(177,11): error TS17004: Cannot use JSX unless the '--jsx' flag is provided.
src/components/inventario/create-item-form.tsx(178,11): error TS17004: Cannot use JSX unless the '--jsx' flag is provided.
src/components/inventario/create-item-form.tsx(188,7): error TS17004: Cannot use JSX unless the '--jsx' flag is provided.
src/components/inventario/create-item-form.tsx(190,9): error TS17004: Cannot use JSX unless the '--jsx' flag is provided.
src/components/inventario/create-item-form.tsx(191,11): error TS17004: Cannot use JSX unless the '--jsx' flag is provided.
src/components/inventario/create-item-form.tsx(194,13): error TS17004: Cannot use JSX unless the '--jsx' flag is provided.
src/components/inventario/create-item-form.tsx(195,15): error TS17004: Cannot use JSX unless the '--jsx' flag is provided.
src/components/inventario/create-item-form.tsx(196,17): error TS17004: Cannot use JSX unless the '--jsx' flag is provided.
src/components/inventario/create-item-form.tsx(197,17): error TS17004: Cannot use JSX unless the '--jsx' flag is provided.
src/components/inventario/create-item-form.tsx(200,15): error TS17004: Cannot use JSX unless the '--jsx' flag is provided.
src/components/inventario/create-item-form.tsx(201,17): error TS17004: Cannot use JSX unless the '--jsx' flag is provided.
src/components/inventario/create-item-form.tsx(202,19): error TS17004: Cannot use JSX unless the '--jsx' flag is provided.
src/components/inventario/create-item-form.tsx(203,21): error TS17004: Cannot use JSX unless the '--jsx' flag is provided.
src/components/inventario/create-item-form.tsx(204,21): error TS17004: Cannot use JSX unless the '--jsx' flag is provided.
src/components/inventario/create-item-form.tsx(206,19): error TS17004: Cannot use JSX unless the '--jsx' flag is provided.
src/components/inventario/create-item-form.tsx(207,21): error TS17004: Cannot use JSX unless the '--jsx' flag is provided.
src/components/inventario/create-item-form.tsx(214,17): error TS17004: Cannot use JSX unless the '--jsx' flag is provided.
src/components/inventario/create-item-form.tsx(215,19): error TS17004: Cannot use JSX unless the '--jsx' flag is provided.
src/components/inventario/create-item-form.tsx(216,21): error TS17004: Cannot use JSX unless the '--jsx' flag is provided.
src/components/inventario/create-item-form.tsx(217,21): error TS17004: Cannot use JSX unless the '--jsx' flag is provided.
src/components/inventario/create-item-form.tsx(222,21): error TS17004: Cannot use JSX unless the '--jsx' flag is provided.
src/components/inventario/create-item-form.tsx(225,19): error TS17004: Cannot use JSX unless the '--jsx' flag is provided.
src/components/inventario/create-item-form.tsx(226,21): error TS17004: Cannot use JSX unless the '--jsx' flag is provided.
src/components/inventario/create-item-form.tsx(227,21): error TS17004: Cannot use JSX unless the '--jsx' flag is provided.
src/components/inventario/create-item-form.tsx(231,53): error TS2345: Argument of type 'any' is not assignable to parameter of type 'never'.
src/components/inventario/create-item-form.tsx(234,23): error TS17004: Cannot use JSX unless the '--jsx' flag is provided.
src/components/inventario/create-item-form.tsx(235,25): error TS17004: Cannot use JSX unless the '--jsx' flag is provided.
src/components/inventario/create-item-form.tsx(237,23): error TS17004: Cannot use JSX unless the '--jsx' flag is provided.
src/components/inventario/create-item-form.tsx(241,25): error TS17004: Cannot use JSX unless the '--jsx' flag is provided.
src/components/inventario/create-item-form.tsx(242,27): error TS17004: Cannot use JSX unless the '--jsx' flag is provided.
src/components/inventario/create-item-form.tsx(246,29): error TS17004: Cannot use JSX unless the '--jsx' flag is provided.
src/components/inventario/create-item-form.tsx(256,25): error TS17004: Cannot use JSX unless the '--jsx' flag is provided.
src/components/inventario/create-item-form.tsx(257,27): error TS17004: Cannot use JSX unless the '--jsx' flag is provided.
src/components/inventario/create-item-form.tsx(265,29): error TS17004: Cannot use JSX unless the '--jsx' flag is provided.
src/components/inventario/create-item-form.tsx(266,31): error TS17004: Cannot use JSX unless the '--jsx' flag is provided.
src/components/inventario/create-item-form.tsx(273,21): error TS17004: Cannot use JSX unless the '--jsx' flag is provided.
src/components/inventario/create-item-form.tsx(277,17): error TS17004: Cannot use JSX unless the '--jsx' flag is provided.
src/components/inventario/create-item-form.tsx(278,19): error TS17004: Cannot use JSX unless the '--jsx' flag is provided.
src/components/inventario/create-item-form.tsx(279,19): error TS17004: Cannot use JSX unless the '--jsx' flag is provided.
src/components/inventario/create-item-form.tsx(284,19): error TS17004: Cannot use JSX unless the '--jsx' flag is provided.
src/components/inventario/create-item-form.tsx(290,13): error TS17004: Cannot use JSX unless the '--jsx' flag is provided.
src/components/inventario/create-item-form.tsx(291,15): error TS17004: Cannot use JSX unless the '--jsx' flag is provided.
src/components/inventario/create-item-form.tsx(292,17): error TS17004: Cannot use JSX unless the '--jsx' flag is provided.
src/components/inventario/create-item-form.tsx(293,17): error TS17004: Cannot use JSX unless the '--jsx' flag is provided.
src/components/inventario/create-item-form.tsx(296,15): error TS17004: Cannot use JSX unless the '--jsx' flag is provided.
src/components/inventario/create-item-form.tsx(297,17): error TS17004: Cannot use JSX unless the '--jsx' flag is provided.
src/components/inventario/create-item-form.tsx(298,19): error TS17004: Cannot use JSX unless the '--jsx' flag is provided.
src/components/inventario/create-item-form.tsx(299,19): error TS17004: Cannot use JSX unless the '--jsx' flag is provided.
src/components/inventario/create-item-form.tsx(300,21): error TS17004: Cannot use JSX unless the '--jsx' flag is provided.
src/components/inventario/create-item-form.tsx(302,59): error TS2345: Argument of type 'any' is not assignable to parameter of type 'never'.
src/components/inventario/create-item-form.tsx(308,23): error TS17004: Cannot use JSX unless the '--jsx' flag is provided.
src/components/inventario/create-item-form.tsx(310,21): error TS17004: Cannot use JSX unless the '--jsx' flag is provided.
src/components/inventario/create-item-form.tsx(312,59): error TS2345: Argument of type 'any' is not assignable to parameter of type 'never'.
src/components/inventario/create-item-form.tsx(318,23): error TS17004: Cannot use JSX unless the '--jsx' flag is provided.
src/components/inventario/create-item-form.tsx(323,17): error TS17004: Cannot use JSX unless the '--jsx' flag is provided.
src/components/inventario/create-item-form.tsx(324,19): error TS17004: Cannot use JSX unless the '--jsx' flag is provided.
src/components/inventario/create-item-form.tsx(325,21): error TS17004: Cannot use JSX unless the '--jsx' flag is provided.
src/components/inventario/create-item-form.tsx(326,21): error TS17004: Cannot use JSX unless the '--jsx' flag is provided.
src/components/inventario/create-item-form.tsx(327,23): error TS17004: Cannot use JSX unless the '--jsx' flag is provided.
src/components/inventario/create-item-form.tsx(328,23): error TS17004: Cannot use JSX unless the '--jsx' flag is provided.
src/components/inventario/create-item-form.tsx(334,21): error TS17004: Cannot use JSX unless the '--jsx' flag is provided.
src/components/inventario/create-item-form.tsx(337,19): error TS17004: Cannot use JSX unless the '--jsx' flag is provided.
src/components/inventario/create-item-form.tsx(338,21): error TS17004: Cannot use JSX unless the '--jsx' flag is provided.
src/components/inventario/create-item-form.tsx(339,21): error TS17004: Cannot use JSX unless the '--jsx' flag is provided.
src/components/inventario/create-item-form.tsx(340,23): error TS17004: Cannot use JSX unless the '--jsx' flag is provided.
src/components/inventario/create-item-form.tsx(341,23): error TS17004: Cannot use JSX unless the '--jsx' flag is provided.
src/components/inventario/create-item-form.tsx(353,13): error TS17004: Cannot use JSX unless the '--jsx' flag is provided.
src/components/inventario/create-item-form.tsx(354,15): error TS17004: Cannot use JSX unless the '--jsx' flag is provided.
src/components/inventario/create-item-form.tsx(355,17): error TS17004: Cannot use JSX unless the '--jsx' flag is provided.
src/components/inventario/create-item-form.tsx(356,17): error TS17004: Cannot use JSX unless the '--jsx' flag is provided.
src/components/inventario/create-item-form.tsx(359,15): error TS17004: Cannot use JSX unless the '--jsx' flag is provided.
src/components/inventario/create-item-form.tsx(360,17): error TS17004: Cannot use JSX unless the '--jsx' flag is provided.
src/components/inventario/create-item-form.tsx(364,19): error TS17004: Cannot use JSX unless the '--jsx' flag is provided.
src/components/inventario/create-item-form.tsx(365,21): error TS17004: Cannot use JSX unless the '--jsx' flag is provided.
src/components/inventario/create-item-form.tsx(369,23): error TS17004: Cannot use JSX unless the '--jsx' flag is provided.
src/components/inventario/create-item-form.tsx(371,21): error TS17004: Cannot use JSX unless the '--jsx' flag is provided.
src/components/inventario/create-item-form.tsx(372,23): error TS17004: Cannot use JSX unless the '--jsx' flag is provided.
src/components/inventario/create-item-form.tsx(373,23): error TS17004: Cannot use JSX unless the '--jsx' flag is provided.
src/components/inventario/create-item-form.tsx(376,19): error TS17004: Cannot use JSX unless the '--jsx' flag is provided.
src/components/inventario/create-item-form.tsx(378,74): error TS2345: Argument of type 'boolean' is not assignable to parameter of type 'never'.
src/components/inventario/create-item-form.tsx(383,17): error TS17004: Cannot use JSX unless the '--jsx' flag is provided.
src/components/inventario/create-item-form.tsx(385,21): error TS17004: Cannot use JSX unless the '--jsx' flag is provided.
src/components/inventario/create-item-form.tsx(386,23): error TS17004: Cannot use JSX unless the '--jsx' flag is provided.
src/components/inventario/create-item-form.tsx(387,25): error TS17004: Cannot use JSX unless the '--jsx' flag is provided.
src/components/inventario/create-item-form.tsx(388,25): error TS17004: Cannot use JSX unless the '--jsx' flag is provided.
src/components/inventario/create-item-form.tsx(398,17): error TS17004: Cannot use JSX unless the '--jsx' flag is provided.
src/components/inventario/create-item-form.tsx(399,19): error TS17004: Cannot use JSX unless the '--jsx' flag is provided.
src/components/inventario/create-item-form.tsx(400,21): error TS17004: Cannot use JSX unless the '--jsx' flag is provided.
src/components/inventario/create-item-form.tsx(401,23): error TS17004: Cannot use JSX unless the '--jsx' flag is provided.
src/components/inventario/create-item-form.tsx(403,21): error TS17004: Cannot use JSX unless the '--jsx' flag is provided.
src/components/inventario/create-item-form.tsx(404,23): error TS17004: Cannot use JSX unless the '--jsx' flag is provided.
src/components/inventario/create-item-form.tsx(405,23): error TS17004: Cannot use JSX unless the '--jsx' flag is provided.
src/components/inventario/create-item-form.tsx(408,19): error TS17004: Cannot use JSX unless the '--jsx' flag is provided.
src/components/inventario/create-item-form.tsx(410,70): error TS2345: Argument of type 'boolean' is not assignable to parameter of type 'never'.
src/components/inventario/create-item-form.tsx(418,11): error TS17004: Cannot use JSX unless the '--jsx' flag is provided.
src/components/inventario/create-item-form.tsx(422,7): error TS17004: Cannot use JSX unless the '--jsx' flag is provided.
